components/overlays/AboutOverlay.tsx(26,49): error TS2339: Property 'orange' does not exist on type '{ readonly void: "#050208"; readonly fog: "#050208"; readonly red: "#ff2020"; readonly blue: "#1e90ff"; readonly white: "#f0e8d0"; }'.
components/overlays/AboutOverlay.tsx(30,60): error TS2339: Property 'orange' does not exist on type '{ readonly void: "#050208"; readonly fog: "#050208"; readonly red: "#ff2020"; readonly blue: "#1e90ff"; readonly white: "#f0e8d0"; }'.
components/overlays/AboutOverlay.tsx(42,35): error TS2339: Property 'orange' does not exist on type '{ readonly void: "#050208"; readonly fog: "#050208"; readonly red: "#ff2020"; readonly blue: "#1e90ff"; readonly white: "#f0e8d0"; }'.
components/overlays/AboutOverlay.tsx(60,83): error TS2339: Property 'teal' does not exist on type '{ readonly void: "#050208"; readonly fog: "#050208"; readonly red: "#ff2020"; readonly blue: "#1e90ff"; readonly white: "#f0e8d0"; }'.
components/overlays/AboutOverlay.tsx(70,42): error TS2339: Property 'orange' does not exist on type '{ readonly void: "#050208"; readonly fog: "#050208"; readonly red: "#ff2020"; readonly blue: "#1e90ff"; readonly white: "#f0e8d0"; }'.
components/overlays/AboutOverlay.tsx(71,43): error TS2339: Property 'orange' does not exist on type '{ readonly void: "#050208"; readonly fog: "#050208"; readonly red: "#ff2020"; readonly blue: "#1e90ff"; readonly white: "#f0e8d0"; }'.
components/overlays/AboutOverlay.tsx(75,76): error TS2339: Property 'muted' does not exist on type '{ readonly void: "#050208"; readonly fog: "#050208"; readonly red: "#ff2020"; readonly blue: "#1e90ff"; readonly white: "#f0e8d0"; }'.
components/overlays/ContactOverlay.tsx(12,59): error TS2339: Property 'orange' does not exist on type '{ readonly void: "#050208"; readonly fog: "#050208"; readonly red: "#ff2020"; readonly blue: "#1e90ff"; readonly white: "#f0e8d0"; }'.
components/overlays/ContactOverlay.tsx(14,52): error TS2339: Property 'teal' does not exist on type '{ readonly void: "#050208"; readonly fog: "#050208"; readonly red: "#ff2020"; readonly blue: "#1e90ff"; readonly white: "#f0e8d0"; }'.
components/overlays/ContactOverlay.tsx(29,72): error TS2339: Property 'teal' does not exist on type '{ readonly void: "#050208"; readonly fog: "#050208"; readonly red: "#ff2020"; readonly blue: "#1e90ff"; readonly white: "#f0e8d0"; }'.
components/overlays/ContactOverlay.tsx(33,60): error TS2339: Property 'teal' does not exist on type '{ readonly void: "#050208"; readonly fog: "#050208"; readonly red: "#ff2020"; readonly blue: "#1e90ff"; readonly white: "#f0e8d0"; }'.
components/overlays/ContactOverlay.tsx(46,23): error TS2339: Property 'orange' does not exist on type '{ readonly void: "#050208"; readonly fog: "#050208"; readonly red: "#ff2020"; readonly blue: "#1e90ff"; readonly white: "#f0e8d0"; }'.
components/overlays/ContactOverlay.tsx(47,39): error TS2339: Property 'orange' does not exist on type '{ readonly void: "#050208"; readonly fog: "#050208"; readonly red: "#ff2020"; readonly blue: "#1e90ff"; readonly white: "#f0e8d0"; }'.
components/overlays/FrameInfoOverlay.tsx(65,60): error TS2339: Property 'teal' does not exist on type '{ readonly void: "#050208"; readonly fog: "#050208"; readonly red: "#ff2020"; readonly blue: "#1e90ff"; readonly white: "#f0e8d0"; }'.
components/overlays/FrameInfoOverlay.tsx(73,42): error TS2339: Property 'teal' does not exist on type '{ readonly void: "#050208"; readonly fog: "#050208"; readonly red: "#ff2020"; readonly blue: "#1e90ff"; readonly white: "#f0e8d0"; }'.
components/overlays/FrameInfoOverlay.tsx(79,45): error TS2339: Property 'teal' does not exist on type '{ readonly void: "#050208"; readonly fog: "#050208"; readonly red: "#ff2020"; readonly blue: "#1e90ff"; readonly white: "#f0e8d0"; }'.
components/overlays/HeroOverlay.tsx(25,21): error TS2339: Property 'teal' does not exist on type '{ readonly void: "#050208"; readonly fog: "#050208"; readonly red: "#ff2020"; readonly blue: "#1e90ff"; readonly white: "#f0e8d0"; }'.
components/overlays/HeroOverlay.tsx(31,28): error TS2339: Property 'teal' does not exist on type '{ readonly void: "#050208"; readonly fog: "#050208"; readonly red: "#ff2020"; readonly blue: "#1e90ff"; readonly white: "#f0e8d0"; }'.
components/overlays/HeroOverlay.tsx(32,39): error TS2339: Property 'teal' does not exist on type '{ readonly void: "#050208"; readonly fog: "#050208"; readonly red: "#ff2020"; readonly blue: "#1e90ff"; readonly white: "#f0e8d0"; }'.
components/overlays/HeroOverlay.tsx(50,23): error TS2339: Property 'orange' does not exist on type '{ readonly void: "#050208"; readonly fog: "#050208"; readonly red: "#ff2020"; readonly blue: "#1e90ff"; readonly white: "#f0e8d0"; }'.
components/overlays/HeroOverlay.tsx(51,40): error TS2339: Property 'orange' does not exist on type '{ readonly void: "#050208"; readonly fog: "#050208"; readonly red: "#ff2020"; readonly blue: "#1e90ff"; readonly white: "#f0e8d0"; }'.
components/overlays/HeroOverlay.tsx(55,36): error TS2339: Property 'teal' does not exist on type '{ readonly void: "#050208"; readonly fog: "#050208"; readonly red: "#ff2020"; readonly blue: "#1e90ff"; readonly white: "#f0e8d0"; }'.
components/overlays/HeroOverlay.tsx(77,49): error TS2339: Property 'muted' does not exist on type '{ readonly void: "#050208"; readonly fog: "#050208"; readonly red: "#ff2020"; readonly blue: "#1e90ff"; readonly white: "#f0e8d0"; }'.
components/overlays/HeroOverlay.tsx(81,54): error TS2339: Property 'orange' does not exist on type '{ readonly void: "#050208"; readonly fog: "#050208"; readonly red: "#ff2020"; readonly blue: "#1e90ff"; readonly white: "#f0e8d0"; }'.
components/overlays/Nav.tsx(14,50): error TS2339: Property 'orange' does not exist on type '{ readonly void: "#050208"; readonly fog: "#050208"; readonly red: "#ff2020"; readonly blue: "#1e90ff"; readonly white: "#f0e8d0"; }'.
components/overlays/Nav.tsx(24,38): error TS2339: Property 'orange' does not exist on type '{ readonly void: "#050208"; readonly fog: "#050208"; readonly red: "#ff2020"; readonly blue: "#1e90ff"; readonly white: "#f0e8d0"; }'.
components/overlays/Nav.tsx(33,23): error TS2339: Property 'muted' does not exist on type '{ readonly void: "#050208"; readonly fog: "#050208"; readonly red: "#ff2020"; readonly blue: "#1e90ff"; readonly white: "#f0e8d0"; }'.
components/overlays/Nav.tsx(37,65): error TS2339: Property 'muted' does not exist on type '{ readonly void: "#050208"; readonly fog: "#050208"; readonly red: "#ff2020"; readonly blue: "#1e90ff"; readonly white: "#f0e8d0"; }'.
components/overlays/Nav.tsx(46,29): error TS2339: Property 'orange' does not exist on type '{ readonly void: "#050208"; readonly fog: "#050208"; readonly red: "#ff2020"; readonly blue: "#1e90ff"; readonly white: "#f0e8d0"; }'.
components/overlays/Nav.tsx(47,35): error TS2339: Property 'orange' does not exist on type '{ readonly void: "#050208"; readonly fog: "#050208"; readonly red: "#ff2020"; readonly blue: "#1e90ff"; readonly white: "#f0e8d0"; }'.
components/overlays/Nav.tsx(52,37): error TS2339: Property 'orange' does not exist on type '{ readonly void: "#050208"; readonly fog: "#050208"; readonly red: "#ff2020"; readonly blue: "#1e90ff"; readonly white: "#f0e8d0"; }'.
components/overlays/Nav.tsx(57,39): error TS2339: Property 'orange' does not exist on type '{ readonly void: "#050208"; readonly fog: "#050208"; readonly red: "#ff2020"; readonly blue: "#1e90ff"; readonly white: "#f0e8d0"; }'.
components/overlays/Nav.tsx(59,47): error TS2339: Property 'orange' does not exist on type '{ readonly void: "#050208"; readonly fog: "#050208"; readonly red: "#ff2020"; readonly blue: "#1e90ff"; readonly white: "#f0e8d0"; }'.
components/overlays/Nav.tsx(63,39): error TS2339: Property 'orange' does not exist on type '{ readonly void: "#050208"; readonly fog: "#050208"; readonly red: "#ff2020"; readonly blue: "#1e90ff"; readonly white: "#f0e8d0"; }'.
components/overlays/Nav.tsx(65,47): error TS2339: Property 'orange' does not exist on type '{ readonly void: "#050208"; readonly fog: "#050208"; readonly red: "#ff2020"; readonly blue: "#1e90ff"; readonly white: "#f0e8d0"; }'.
components/overlays/ProjectsOverlay.tsx(12,187): error TS2339: Property 'teal' does not exist on type '{ readonly void: "#050208"; readonly fog: "#050208"; readonly red: "#ff2020"; readonly blue: "#1e90ff"; readonly white: "#f0e8d0"; }'.
components/overlays/ProjectsOverlay.tsx(14,182): error TS2339: Property 'gold' does not exist on type '{ readonly void: "#050208"; readonly fog: "#050208"; readonly red: "#ff2020"; readonly blue: "#1e90ff"; readonly white: "#f0e8d0"; }'.
components/overlays/ProjectsOverlay.tsx(15,223): error TS2339: Property 'teal' does not exist on type '{ readonly void: "#050208"; readonly fog: "#050208"; readonly red: "#ff2020"; readonly blue: "#1e90ff"; readonly white: "#f0e8d0"; }'.
components/overlays/ProjectsOverlay.tsx(17,174): error TS2339: Property 'gold' does not exist on type '{ readonly void: "#050208"; readonly fog: "#050208"; readonly red: "#ff2020"; readonly blue: "#1e90ff"; readonly white: "#f0e8d0"; }'.
components/overlays/ProjectsOverlay.tsx(18,181): error TS2339: Property 'teal' does not exist on type '{ readonly void: "#050208"; readonly fog: "#050208"; readonly red: "#ff2020"; readonly blue: "#1e90ff"; readonly white: "#f0e8d0"; }'.
components/overlays/ProjectsOverlay.tsx(58,93): error TS2339: Property 'muted' does not exist on type '{ readonly void: "#050208"; readonly fog: "#050208"; readonly red: "#ff2020"; readonly blue: "#1e90ff"; readonly white: "#f0e8d0"; }'.
components/overlays/SectionIndicator.tsx(21,39): error TS2339: Property 'orange' does not exist on type '{ readonly void: "#050208"; readonly fog: "#050208"; readonly red: "#ff2020"; readonly blue: "#1e90ff"; readonly white: "#f0e8d0"; }'.
components/overlays/SectionIndicator.tsx(22,50): error TS2339: Property 'orange' does not exist on type '{ readonly void: "#050208"; readonly fog: "#050208"; readonly red: "#ff2020"; readonly blue: "#1e90ff"; readonly white: "#f0e8d0"; }'.
components/overlays/SectionIndicator.tsx(31,25): error TS2339: Property 'orange' does not exist on type '{ readonly void: "#050208"; readonly fog: "#050208"; readonly red: "#ff2020"; readonly blue: "#1e90ff"; readonly white: "#f0e8d0"; }'.
components/overlays/SkillsOverlay.tsx(31,21): error TS2339: Property 'teal' does not exist on type '{ readonly void: "#050208"; readonly fog: "#050208"; readonly red: "#ff2020"; readonly blue: "#1e90ff"; readonly white: "#f0e8d0"; }'.
components/overlays/SkillsOverlay.tsx(34,60): error TS2339: Property 'teal' does not exist on type '{ readonly void: "#050208"; readonly fog: "#050208"; readonly red: "#ff2020"; readonly blue: "#1e90ff"; readonly white: "#f0e8d0"; }'.
components/overlays/SkillsOverlay.tsx(44,35): error TS2339: Property 'teal' does not exist on type '{ readonly void: "#050208"; readonly fog: "#050208"; readonly red: "#ff2020"; readonly blue: "#1e90ff"; readonly white: "#f0e8d0"; }'.
components/overlays/SkillsOverlay.tsx(57,40): error TS2339: Property 'teal' does not exist on type '{ readonly void: "#050208"; readonly fog: "#050208"; readonly red: "#ff2020"; readonly blue: "#1e90ff"; readonly white: "#f0e8d0"; }'.
components/overlays/SkillsOverlay.tsx(62,27): error TS2339: Property 'teal' does not exist on type '{ readonly void: "#050208"; readonly fog: "#050208"; readonly red: "#ff2020"; readonly blue: "#1e90ff"; readonly white: "#f0e8d0"; }'.
components/overlays/SkillsOverlay.tsx(68,55): error TS2339: Property 'orange' does not exist on type '{ readonly void: "#050208"; readonly fog: "#050208"; readonly red: "#ff2020"; readonly blue: "#1e90ff"; readonly white: "#f0e8d0"; }'.
components/overlays/SkillsOverlay.tsx(69,44): error TS2339: Property 'orange' does not exist on type '{ readonly void: "#050208"; readonly fog: "#050208"; readonly red: "#ff2020"; readonly blue: "#1e90ff"; readonly white: "#f0e8d0"; }'.
components/world/IndustrialPods.tsx(52,43): error TS2339: Property 'opacity' does not exist on type 'Material | Material[]'.
  Property 'opacity' does not exist on type 'Material[]'.
